time: 2026-08-12T14:44:43+08:00
command: /usr/local/python3.11.10/bin/python bench_welmv4_expert_bias_topk_npu.py --mode both --cases all --scope kernel --device npu:5 --output-csv welmv4_topk_r0_r5_all.csv
return_code: -6
reason: benchmark exited with status -6

===== stdout + stderr =====
NPU custom kernel packages unavailable: No module named 'custom_ops'
/usr/local/python3.11.10/lib/python3.11/site-packages/torch_npu/contrib/transfer_to_npu.py:390: ImportWarning: 
    *************************************************************************************************************
    The torch.Tensor.cuda and torch.nn.Module.cuda are replaced with torch.Tensor.npu and torch.nn.Module.npu now..
    The torch.cuda.DoubleTensor is replaced with torch.npu.FloatTensor cause the double type is not supported now..
    The backend in torch.distributed.init_process_group set to hccl now..
    The torch.cuda.* and torch.cuda.amp.* are replaced with torch.npu.* and torch.npu.amp.* now..
    The device parameters have been replaced with npu in the function below:
    torch.logspace, torch.randint, torch.hann_window, torch.rand, torch.full_like, torch.ones_like, torch.rand_like, torch.randperm, torch.arange, torch.frombuffer, torch.normal, torch._empty_per_channel_affine_quantized, torch.empty_strided, torch.empty_like, torch.scalar_tensor, torch.tril_indices, torch.bartlett_window, torch.ones, torch.sparse_coo_tensor, torch.randn, torch.kaiser_window, torch.tensor, torch.triu_indices, torch.as_tensor, torch.zeros, torch.randint_like, torch.full, torch.eye, torch._sparse_csr_tensor_unsafe, torch.empty, torch._sparse_coo_tensor_unsafe, torch.blackman_window, torch.zeros_like, torch.range, torch.sparse_csr_tensor, torch.randn_like, torch.from_file, torch._cudnn_init_dropout_state, torch._empty_affine_quantized, torch.linspace, torch.hamming_window, torch.empty_quantized, torch._pin_memory, torch.load, torch.set_default_device, torch.get_device_module, torch.sparse_compressed_tensor, torch.Tensor.new_empty, torch.Tensor.new_empty_strided, torch.Tensor.new_full, torch.Tensor.new_ones, torch.Tensor.new_tensor, torch.Tensor.new_zeros, torch.Tensor.to, torch.Tensor.pin_memory, torch.nn.Module.to, torch.nn.Module.to_empty
    *************************************************************************************************************
    
  warnings.warn(msg, ImportWarning)
/usr/local/python3.11.10/lib/python3.11/site-packages/torch_npu/contrib/transfer_to_npu.py:311: RuntimeWarning: torch.jit.script and torch.jit.script_method will be disabled by transfer_to_npu, which currently does not support them, if you need to enable them, please do not use transfer_to_npu.
  warnings.warn(msg, RuntimeWarning)
[W812 14:44:11.684404163 OptionRegister.cpp:95] Warning: Current device only support allow_internal_format=False, the requested value True is invalid and has been reverted to False. (function operator())
python: /usr1/01/workspace/triton-ascend/third_party/ascend/lib/TritonToLinalg/TritonOpConverter.cpp:698: virtual LogicalResult TTOpConverters::ReduceSingleCanonicalizer::matchAndRewrite(triton::ReduceOp, PatternRewriter &) const: Assertion `reduceOp.getSrcs().size() <=2 && "Only reduce or reduce with index are supported"' failed.
